{
  "comments": [
    {
      "comment": "java.gottasnatchemall.use_correct_func",
      "params": {
        "correct_func": "removeAll"
      },
      "type": "essential"
    },
    {
      "comment": "java.general.feedback_request",
      "params": {},
      "type": "informative"
    }
  ]
}